[html.design/demo/olests/index.html]
[html.design/detroitchicago/boise.js]
[html.design/detroitchicago/boise420f.js]
[html.design/detroitchicago/memphis.js]
[html.design/detroitchicago/memphisf5cf.js]
[html.design/detroitchicago/minneapolis.js]
[html.design/detroitchicago/minneapolis453e.js]
[html.design/detroitchicago/rochester.js]
[html.design/detroitchicago/rochester9620.js]
[html.design/detroitchicago/raleigh.js]
[html.design/detroitchicago/raleigh2693.js]
[html.design/detroitchicago/tampa.js]
[html.design/detroitchicago/tampa45f7.js]
[html.design/detroitchicago/tulsa.js]
[html.design/detroitchicago/tulsa1fee.js]
[backblue.gif]
[fade.gif]
[index.html]
[html.design/demo/olests/images/favicon.png]
[html.design/demo/olests/css/bootstrap.css]
[cdnjs.cloudflare.com/ajax/libs/OwlCarousel2/2.3.4/assets/owl.carousel.min.css]
[html.design/demo/olests/css/font-awesome.min.css]
[html.design/demo/olests/css/style.css]
[html.design/demo/olests/css/responsive.css]
[html.design/demo/olests/about.html]
[html.design/demo/olests/shop.html]
[html.design/demo/olests/blog.html]
[html.design/demo/olests/images/slider-img.png]
[html.design/demo/olests/images/about-img.jpg]
[html.design/demo/olests/images/f1.png]
[html.design/demo/olests/images/f2.png]
[html.design/demo/olests/images/f3.png]
[html.design/demo/olests/images/f4.png]
[html.design/demo/olests/images/b1.jpg]
[html.design/demo/olests/images/b2.jpg]
[html.design/demo/olests/images/b3.jpg]
[html.design/demo/olests/images/client.jpg]
[html.design/cdn-cgi/scripts/5c5dd728/cloudflare-static/email-decode.min.js]
[html.design/demo/olests/js/jquery-3.4.1.min.js]
[cdn.jsdelivr.net/npm/popper.js@1.16.0/dist/umd/popper.min.js]
[html.design/demo/olests/js/bootstrap.js]
[cdnjs.cloudflare.com/ajax/libs/OwlCarousel2/2.3.4/owl.carousel.min.js]
[html.design/demo/olests/js/custom.js]
[html.design/tardisrocinante/vitals.js]
[html.design/tardisrocinante/vitals5038.js]
[html.design/demo/olests/audins.js]
[go.ezoic.net/detroitchicago/audins0d9f.js]
[pixel.quantserve.com/pixel/p-31iz6hfFutd16d537.gif]
[html.design/beardeddragon/drake.js]
[html.design/beardeddragon/drake6190.js]
[html.design/demo/olests/index.html]
[html.design/demo/olests/about.html]
[html.design/demo/olests/shop.html]
[html.design/demo/olests/blog.html]
[html.design/detroitchicago/rochester.js]
[html.design/detroitchicago/raleigh.js]
[html.design/detroitchicago/tampa.js]
[html.design/demo/olests/images/favicon.png]
[html.design/demo/olests/images/about-img.jpg]
[html.design/demo/olests/images/slider-img.png]
[html.design/demo/olests/images/f1.png]
[html.design/demo/olests/images/f2.png]
[html.design/demo/olests/images/f3.png]
[html.design/demo/olests/images/b1.jpg]
[html.design/demo/olests/images/f4.png]
[html.design/demo/olests/images/b2.jpg]
[html.design/demo/olests/images/b3.jpg]
[html.design/demo/olests/images/client.jpg]
[html.design/cdn-cgi/scripts/5c5dd728/cloudflare-static/email-decode.min.js]
[html.design/demo/olests/js/jquery-3.4.1.min.js]
[html.design/demo/olests/js/bootstrap.js]
[html.design/demo/olests/js/custom.js]
[html.design/demo/olests/css/bootstrap.css]
[html.design/tardisrocinante/vitals.js]
[html.design/tardisrocinante/vitals5038.js]
[cdnjs.cloudflare.com/ajax/libs/OwlCarousel2/2.3.4/owl.carousel.min.js]
[cdnjs.cloudflare.com/ajax/libs/OwlCarousel2/2.3.4/assets/owl.video.play.png]
[cdnjs.cloudflare.com/ajax/libs/OwlCarousel2/2.3.4/assets/owl.carousel.min.css]
[pixel.quantserve.com/pixel/p-31iz6hfFutd16d537.gif]
[html.design/beardeddragon/drake.js]
[html.design/beardeddragon/drake6190.js]
[html.design/demo/olests/fonts/fontawesome-webfont3e6e.eot]
[cdnjs.cloudflare.com/ajax/libs/OwlCarousel2/2.3.4/assets/owl.video.play.png]
[html.design/demo/olests/fonts/fontawesome-webfontd41d.eot]
[html.design/demo/olests/fonts/fontawesome-webfont3e6e.woff2]
[html.design/demo/olests/fonts/fontawesome-webfont3e6e.woff]
[html.design/demo/olests/fonts/fontawesome-webfont3e6e.woff2]
[html.design/demo/olests/fonts/fontawesome-webfont3e6e.ttf]
[html.design/demo/olests/fonts/fontawesome-webfont3e6e.woff]
[html.design/demo/olests/fonts/fontawesome-webfont3e6e.svg]
[html.design/demo/olests/css/font-awesome.min.css]
[html.design/demo/olests/css/style.css]
[html.design/demo/olests/css/responsive.css]
[html.design/demo/olests/audins.html]
[html.design/demo/olests/fonts/fontawesome-webfont3e6e.ttf]
[html.design/demo/olests/fonts/fontawesome-webfont3e6e.html]
[html.design/demo/olests/fonts/fontawesome-webfontd41d.html]
[html.design/demo/olests/fonts/fontawesome-webfont3e6e-2.html]
[html.design/detroitchicago/grapefruit.html]
[html.design/porpoiseant/army.html]
